  got https://ckan0.cf.opendata.inter.prod-toronto.ca/dataset/7795b45e-e65a-4465-81fc-c36b9dfff169/resource/cfb6b2b8-6191-41e3-bda1-b175c51148cb/download/opendata_ttc_schedules.zip 36417654 bytes
routes kept: 231
feed 2026-09-30 - 2026-10-31 · week from 2026-10-12 · days {'wk': '2026-10-14', 'sat': '2026-10-17', 'sun': '2026-10-18'}
trips in the week: 129345
routes written: 230 · trams 17 · stops 9175
  bus      7 Bathurst                           shapes 2  midday/5h  32  1-5am 6
  bus      8 Broadview                          shapes 2  midday/5h  15  1-5am 5
  bus      9 Bellamy                            shapes 2  midday/5h  14  1-5am 3
  bus     10 Van Horne                          shapes 2  midday/5h   2  1-5am 0
  bus     11 Bayview                            shapes 4  midday/5h  30  1-5am 2
  bus     12 Kingston Rd                        shapes 6  midday/5h  28  1-5am 6
  bus     13 Avenue Rd                          shapes 4  midday/5h  13  1-5am 5
  bus     14 Glencairn                          shapes 2  midday/5h  11  1-5am 1
  bus     15 Evans                              shapes 2  midday/5h  12  1-5am 3
  bus     16 McCowan                            shapes 2  midday/5h  31  1-5am 6
  bus     17 Birchmount                         shapes 6  midday/5h  18  1-5am 6
  bus     18 Caledonia                          shapes 4  midday/5h  17  1-5am 2
  bus     19 Bay                                shapes 2  midday/5h  12  1-5am 2
  bus     20 Cliffside                          shapes 2  midday/5h  16  1-5am 5
  bus     21 Brimley                            shapes 2  midday/5h  18  1-5am 2
  bus     22 Coxwell                            shapes 2  midday/5h  30  1-5am 12
  bus     23 Dawes                              shapes 2  midday/5h  30  1-5am 8
  bus     24 Victoria Park                      shapes 4  midday/5h  44  1-5am 12
  bus     25 Don Mills                          shapes 6  midday/5h 103  1-5am 19
  bus     26 Dupont                             shapes 2  midday/5h  11  1-5am 5
  bus     27 Jane South                         shapes 2  midday/5h  30  1-5am 12
  bus     28 Bayview South                      shapes 2  midday/5h  11  1-5am 2
  bus     29 Dufferin                           shapes 4  midday/5h  38  1-5am 6
  bus     30 High Park North                    shapes 2  midday/5h  12  1-5am 1
  bus     31 Greenwood                          shapes 2  midday/5h  20  1-5am 5
  bus     32 Eglinton West                      shapes 2  midday/5h  34  1-5am 1
  bus     33 Forest Hill                        shapes 2  midday/5h  13  1-5am 2
  bus     34 Eglinton                           shapes 2  midday/5h  17  1-5am 2
  bus     35 Jane                               shapes 4  midday/5h  37  1-5am 11
  bus     36 Finch West                         shapes 2  midday/5h  55  1-5am 11
  bus     37 Islington                          shapes 4  midday/5h  33  1-5am 13
  bus     38 Highland Creek                     shapes 4  midday/5h  40  1-5am 4
  bus     39 Finch East                         shapes 4  midday/5h  41  1-5am 17
  bus     40 Junction-Dundas West               shapes 4  midday/5h  27  1-5am 6
  bus     41 Keele                              shapes 2  midday/5h  31  1-5am 6
  bus     42 Cummer                             shapes 2  midday/5h  22  1-5am 2
  bus     43 Kennedy                            shapes 4  midday/5h  47  1-5am 14
  bus     44 Kipling South                      shapes 2  midday/5h  42  1-5am 12
  bus     45 Kipling                            shapes 2  midday/5h  31  1-5am 18
  bus     46 Martin Grove                       shapes 2  midday/5h  17  1-5am 3
  bus     47 Lansdowne                          shapes 4  midday/5h  87  1-5am 22
  bus     48 Rathburn                           shapes 2  midday/5h  13  1-5am 2
  bus     49 Bloor West                         shapes 2  midday/5h  10  1-5am 7
  bus     50 Burnhamthorpe                      shapes 2  midday/5h  14  1-5am 7
  bus     51 Leslie                             shapes 4  midday/5h  26  1-5am 10
  bus     52 Lawrence West                      shapes 9  midday/5h  78  1-5am 23
  bus     53 Steeles East                       shapes 4  midday/5h  47  1-5am 20
  bus     54 Lawrence East                      shapes 4  midday/5h  43  1-5am 6
  bus     55 Warren Park                        shapes 2  midday/5h  10  1-5am 2
  bus     57 Midland                            shapes 2  midday/5h  28  1-5am 4
  bus     59 Maple Leaf                         shapes 4  midday/5h  13  1-5am 3
  bus     60 Steeles West                       shapes 4  midday/5h  34  1-5am 12
  bus     61 Avenue Rd North                    shapes 2  midday/5h  18  1-5am 3
  bus     62 Mortimer                           shapes 2  midday/5h  13  1-5am 2
  bus     63 Ossington                          shapes 4  midday/5h  93  1-5am 24
  bus     64 Main                               shapes 2  midday/5h  31  1-5am 3
  bus     65 Parliament                         shapes 2  midday/5h  25  1-5am 10
  bus     66 Prince Edward                      shapes 4  midday/5h  24  1-5am 3
  bus     67 Pharmacy                           shapes 3  midday/5h  21  1-5am 1
  bus     68 Warden                             shapes 4  midday/5h  30  1-5am 8
  bus     69 Warden South                       shapes 2  midday/5h  15  1-5am 5
  bus     70 O'Connor                           shapes 2  midday/5h  27  1-5am 7
  bus     71 Runnymede                          shapes 2  midday/5h  21  1-5am 2
  bus     72 Pape                               shapes 2  midday/5h  34  1-5am 8
  bus     73 Royal York                         shapes 6  midday/5h  28  1-5am 7
  bus     74 Mount Pleasant                     shapes 2  midday/5h  13  1-5am 2
  bus     75 Sherbourne                         shapes 2  midday/5h  40  1-5am 1
  bus     76 Royal York South                   shapes 4  midday/5h  40  1-5am 13
  bus     77 Swansea                            shapes 2  midday/5h  11  1-5am 3
  bus     78 St Andrews                         shapes 2  midday/5h  12  1-5am 1
  bus     79 Scarlett Rd                        shapes 4  midday/5h  21  1-5am 4
  bus     80 Queensway                          shapes 4  midday/5h  12  1-5am 3
  bus     82 Rosedale                           shapes 2  midday/5h  12  1-5am 0
  bus     83 Jones                              shapes 2  midday/5h  15  1-5am 2
  bus     84 Sheppard West                      shapes 2  midday/5h  44  1-5am 12
  bus     85 Sheppard East                      shapes 6  midday/5h  40  1-5am 13
  bus     86 Scarborough                        shapes 8  midday/5h  40  1-5am 11
  bus     87 Cosburn                            shapes 4  midday/5h  30  1-5am 9
  bus     88 South Leaside                      shapes 4  midday/5h  17  1-5am 4
  bus     89 Weston                             shapes 2  midday/5h  31  1-5am 14
  bus     90 Vaughan                            shapes 2  midday/5h  31  1-5am 8
  bus     91 Woodbine                           shapes 2  midday/5h  16  1-5am 3
  bus     92 Woodbine South                     shapes 2  midday/5h  22  1-5am 2
  bus     93 Parkview Hills                     shapes 4  midday/5h  10  1-5am 2
  bus     94 Wellesley                          shapes 4  midday/5h  30  1-5am 2
  bus     95 York Mills                         shapes 4  midday/5h  31  1-5am 12
  bus     96 Wilson                             shapes 6  midday/5h  36  1-5am 13
  bus     97 Yonge                              shapes 6  midday/5h  22  1-5am 5
  bus     98 Willowdale-Senlac                  shapes 2  midday/5h  13  1-5am 1
  bus     99 Arrow Rd                           shapes 2  midday/5h  20  1-5am 10
  bus    100 Flemingdon Park                    shapes 4  midday/5h  40  1-5am 2
  bus    101 Downsview Park                     shapes 4  midday/5h  11  1-5am 2
  bus    102 Markham Rd                         shapes 6  midday/5h  47  1-5am 25
  bus    103 Mount Pleasant North               shapes 2  midday/5h  12  1-5am 2
  bus    104 Faywood                            shapes 2  midday/5h  12  1-5am 1
  bus    105 Dufferin North                     shapes 2  midday/5h  17  1-5am 6
  bus    106 Sentinel                           shapes 2  midday/5h  16  1-5am 8
  bus    107 Alness-Chesswood                   shapes 2  midday/5h  10  1-5am 2
  bus    108 Driftwood                          shapes 4  midday/5h  30  1-5am 3
  bus    109 Ranee                              shapes 4  midday/5h  15  1-5am 1
  bus    110 Islington South                    shapes 4  midday/5h  25  1-5am 10
  bus    111 East Mall                          shapes 2  midday/5h  20  1-5am 2
  bus    112 West Mall                          shapes 6  midday/5h  30  1-5am 4
  bus    113 Danforth                           shapes 2  midday/5h  16  1-5am 6
  bus    114 Queens Quay East                   shapes 2  midday/5h  30  1-5am 5
  bus    115 Silver Hills                       shapes 2  midday/5h  13  1-5am 0
  bus    116 Morningside                        shapes 2  midday/5h  39  1-5am 12
  bus    117 Birchmount South                   shapes 2  midday/5h  15  1-5am 5
  bus    118 Thistle Down                       shapes 4  midday/5h  11  1-5am 2
  bus    119 Torbarrie                          shapes 8  midday/5h  11  1-5am 0
  bus    120 Calvington                         shapes 2  midday/5h  12  1-5am 2
  bus    121 Esplanade-River                    shapes 2  midday/5h  15  1-5am 2
  bus    122 Graydon Hall                       shapes 2  midday/5h  16  1-5am 3
  bus    123 Sherway                            shapes 6  midday/5h  29  1-5am 4
  bus    124 Sunnybrook                         shapes 3  midday/5h  17  1-5am 5
  bus    125 Drewry                             shapes 2  midday/5h  20  1-5am 2
  bus    126 Christie                           shapes 2  midday/5h  12  1-5am 1
  bus    127 Davenport                          shapes 2  midday/5h  14  1-5am 2
  bus    129 McCowan North                      shapes 4  midday/5h  34  1-5am 11
  bus    130 Middlefield                        shapes 4  midday/5h  12  1-5am 1
  bus    131 Nugget                             shapes 4  midday/5h  18  1-5am 2
  bus    132 Milner                             shapes 2  midday/5h  12  1-5am 3
  bus    133 Neilson                            shapes 5  midday/5h  38  1-5am 7
  bus    134 Progress                           shapes 8  midday/5h  21  1-5am 5
  bus    135 Gerrard                            shapes 2  midday/5h  14  1-5am 5
  bus    145 Belfield                           shapes 2  midday/5h  15  1-5am 0
  bus    149 Etobicoke-Bloor                    shapes 2  midday/5h  12  1-5am 4
  bus    151 Leslie North                       shapes 2  midday/5h  14  1-5am 7
  bus    154 Curran Hall                        shapes 2  midday/5h  14  1-5am 9
  bus    156 Millwood                           shapes 2  midday/5h  10  1-5am 0
  bus    158 Trethewey                          shapes 2  midday/5h  20  1-5am 3
  bus    160 Bathurst North                     shapes 2  midday/5h  11  1-5am 0
  bus    161 Rogers Rd                          shapes 2  midday/5h  18  1-5am 2
  bus    162 Lawrence-Donway                    shapes 2  midday/5h  11  1-5am 0
  bus    164 Castlefield                        shapes 2  midday/5h  11  1-5am 2
  bus    165 Weston Rd North                    shapes 3  midday/5h  39  1-5am 17
  bus    166 Toryork                            shapes 3  midday/5h   3  1-5am 0
  bus    167 Pharmacy North                     shapes 4  midday/5h  10  1-5am 3
  bus    168 Symington                          shapes 2  midday/5h  21  1-5am 8
  bus    169 Huntingwood                        shapes 4  midday/5h  10  1-5am 2
  bus    171 Mount Dennis                       shapes 2  midday/5h  12  1-5am 8
  bus    184 Ancaster Park                      shapes 2  midday/5h  11  1-5am 3
  bus    185 Sheppard Central                   shapes 2  midday/5h  12  1-5am 6
  bus    189 Stockyards                         shapes 2  midday/5h  12  1-5am 1
  bus    191 Underhill                          shapes 4  midday/5h  12  1-5am 3
  bus    200 Toronto Zoo                        shapes 2  midday/5h   0  1-5am 0
  bus    201 Bluffer's Park                     shapes 2  midday/5h   0  1-5am 0
  bus    202 Cherry Beach                       shapes 2  midday/5h  11  1-5am 0
  bus    203 High Park                          shapes 2  midday/5h   0  1-5am 0
  bus    300 Bloor-Danforth                     shapes 8  midday/5h   0  1-5am 84
  tram   301 Queen                              shapes 6  midday/5h   0  1-5am 51
  tram   304 King                               shapes 4  midday/5h   0  1-5am 37
  tram   305 Dundas                             shapes 6  midday/5h   0  1-5am 26
  tram   306 Carlton                            shapes 6  midday/5h   0  1-5am 47
  bus    307 Bathurst                           shapes 6  midday/5h   0  1-5am 18
  tram   310 Spadina                            shapes 4  midday/5h   0  1-5am 27
  tram   312 St Clair                           shapes 7  midday/5h   0  1-5am 23
  bus    315 Evans-Brown's Line                 shapes 3  midday/5h   0  1-5am 14
  bus    316 Kingston Rd-McCowan                shapes 2  midday/5h   0  1-5am 11
  bus    320 Yonge                              shapes 6  midday/5h   0  1-5am 61
  bus    322 Coxwell                            shapes 4  midday/5h   0  1-5am 12
  bus    324 Victoria Park                      shapes 2  midday/5h   0  1-5am 11
  bus    325 Don Mills                          shapes 6  midday/5h   0  1-5am 14
  bus    329 Dufferin                           shapes 6  midday/5h   0  1-5am 16
  bus    334 Eglinton                           shapes 7  midday/5h   0  1-5am 54
  bus    335 Jane                               shapes 5  midday/5h   0  1-5am 19
  bus    336 Finch West                         shapes 6  midday/5h   0  1-5am 29
  bus    337 Islington                          shapes 5  midday/5h   0  1-5am 12
  bus    339 Finch East                         shapes 5  midday/5h   0  1-5am 26
  bus    340 Junction                           shapes 3  midday/5h   0  1-5am 17
  bus    341 Keele                              shapes 3  midday/5h   0  1-5am 12
  bus    343 Kennedy                            shapes 3  midday/5h   0  1-5am 12
  bus    345 Kipling                            shapes 4  midday/5h   0  1-5am 12
  bus    352 Lawrence West                      shapes 3  midday/5h   0  1-5am 20
  bus    353 Steeles                            shapes 4  midday/5h   0  1-5am 25
  bus    354 Lawrence East                      shapes 7  midday/5h   0  1-5am 24
  bus    363 Ossington                          shapes 5  midday/5h   0  1-5am 13
  bus    365 Parliament                         shapes 2  midday/5h   0  1-5am 12
  bus    373 Royal York                         shapes 3  midday/5h   0  1-5am 13
  bus    384 Sheppard West                      shapes 4  midday/5h   0  1-5am 11
  bus    385 Sheppard East                      shapes 4  midday/5h   0  1-5am 14
  bus    386 Scarborough                        shapes 3  midday/5h   0  1-5am 13
  bus    395 York Mills                         shapes 6  midday/5h   0  1-5am 15
  bus    396 Wilson                             shapes 4  midday/5h   0  1-5am 18
  bus    400 Lawrence Manor                     shapes 10  midday/5h   4  1-5am 0
  bus    402 Parkdale                           shapes 3  midday/5h   0  1-5am 0
  bus    403 South Don Mills                    shapes 4  midday/5h   4  1-5am 0
  bus    404 East York                          shapes 2  midday/5h   5  1-5am 0
  bus    405 Etobicoke                          shapes 6  midday/5h   5  1-5am 0
  bus    406 Scarborough-Guildwood              shapes 2  midday/5h   4  1-5am 0
  tram   501 Queen                              shapes 2  midday/5h  30  1-5am 12
  tram   503 Kingston Rd                        shapes 2  midday/5h  32  1-5am 6
  tram   504 King                               shapes 4  midday/5h  64  1-5am 49
  tram   505 Dundas                             shapes 3  midday/5h  52  1-5am 15
  tram   506 Carlton                            shapes 4  midday/5h  63  1-5am 24
  tram   507 Long Branch                        shapes 4  midday/5h  50  1-5am 12
  tram   508 Lake Shore                         shapes 5  midday/5h   0  1-5am 0
  tram   509 Harbourfront                       shapes 2  midday/5h  34  1-5am 7
  tram   510 Spadina                            shapes 4  midday/5h  50  1-5am 4
  tram   511 Bathurst                           shapes 2  midday/5h  50  1-5am 17
  tram   512 St Clair                           shapes 4  midday/5h  84  1-5am 18
  bus    830 Henry Kelsey - Middlefield         shapes 2  midday/5h   0  1-5am 0
  bus    900 Airport Express                    shapes 3  midday/5h  68  1-5am 8
  bus    902 Markham Rd Express                 shapes 3  midday/5h  20  1-5am 0
  bus    903 Kennedy Stn-Scarborough Express    shapes 4  midday/5h  30  1-5am 0
  bus    904 Sheppard-Kennedy Express           shapes 2  midday/5h  25  1-5am 1
  bus    905 Eglinton East Express              shapes 2  midday/5h  38  1-5am 0
  bus    906 Airport-Humber College Express     shapes 2  midday/5h  20  1-5am 5
  bus    924 Victoria Park Express              shapes 2  midday/5h   6  1-5am 0
  bus    925 Don Mills Express                  shapes 2  midday/5h  26  1-5am 0
  bus    927 Highway 27 Express                 shapes 6  midday/5h  42  1-5am 2
  bus    929 Dufferin Express                   shapes 2  midday/5h  39  1-5am 0
  bus    935 Jane Express                       shapes 2  midday/5h  28  1-5am 0
  bus    937 Islington Express                  shapes 2  midday/5h   1  1-5am 0
  bus    938 Highland Creek Express             shapes 2  midday/5h   3  1-5am 0
  bus    939 Finch Express                      shapes 6  midday/5h  47  1-5am 2
  bus    941 Keele Express                      shapes 2  midday/5h   4  1-5am 0
  bus    944 Kipling South Express              shapes 2  midday/5h  40  1-5am 0
  bus    945 Kipling Express                    shapes 2  midday/5h   4  1-5am 0
  bus    952 Lawrence West Express              shapes 4  midday/5h   3  1-5am 0
  bus    953 Steeles East Express               shapes 3  midday/5h   6  1-5am 0
  bus    954 Lawrence East Express              shapes 4  midday/5h   1  1-5am 0
  bus    960 Steeles West Express               shapes 4  midday/5h  36  1-5am 0
  bus    968 Warden Express                     shapes 2  midday/5h   0  1-5am 0
  bus    984 Sheppard West Express              shapes 4  midday/5h  10  1-5am 0
  bus    985 Sheppard East Express              shapes 4  midday/5h   5  1-5am 0
  bus    986 Scarborough Express                shapes 2  midday/5h   0  1-5am 0
  bus    989 Weston Express                     shapes 2  midday/5h   5  1-5am 0
  bus    995 York Mills Express                 shapes 2  midday/5h  31  1-5am 0
  bus    996 Wilson Express                     shapes 3  midday/5h  36  1-5am 0
