== toronto
wikidata items >= 140 m: 31
wikidata skyscrapers without height: 40
wikipedia tables: [(12, ['Skyline of Toronto', 'Skyline of Toronto.1']), (118, ['Rank', 'Name', 'Image', 'Location', 'Height m (ft)', 'Floors']), (20, ['Sub- division', 'Neighbourhoods', 'Name', 'Height m (ft)', 'Floors', 'Year']), (2, ['0', '1', '2']), (13, ['Rank', 'Name', 'Image', 'Height m (ft)', 'Floors', 'Year']), (13, ['Name', 'Image', 'Street address', 'Years as tallest', 'Height m / ft', 'Floors']), (17, ['vteCity of Toronto', 'vteCity of Toronto.1']), (2, ['0', '1']), (3, ['0', '1']), (2, ['0', '1']), (5, ['vteToronto skyscrapers and towers', 'vteToronto skyscrapers and towers.1']), (7, ['vteLists of tallest buildings in Canada', 'vteLists of tallest buildings in Canada.1'])]
  overpass attempt 1 (https://overpass-api.de/api/interpreter) failed: HTTP Error 504: Gateway Timeout
osm buildings: 102
== chicago
wikidata items >= 140 m: 55
wikidata skyscrapers without height: 79
wikipedia tables: [(12, ['Skyline of Chicago', 'Skyline of Chicago.1']), (138, ['Rank', 'Name', 'Image', 'Location', 'Height ft (m)', 'Floors']), (10, ['Pinn. rank', 'Std. rank', 'Name', 'Pinn. height ft (m)', 'Std. height ft (m)', 'Floors']), (1, ['Name', 'Image', 'Height ft (m)', 'Floors', 'Year completed', 'Year demolished']), (1, ['Name', 'Location', 'Height ft (m)', 'Floors', 'Year', 'Notes']), (5, ['Name', 'Height ft (m)', 'Floors', 'Approved', 'Cancelled', 'Notes']), (13, ['Name', 'Image', 'Years as tallest (Yrs)', 'Height ft (m)', 'Floors', 'Notes']), (5, ['vteChicago skyscrapers', 'vteChicago skyscrapers.1']), (1, ['vteTimeline of tallest buildings in Chicago', 'vteTimeline of tallest buildings in Chicago.1']), (3, ['vtePlanned Chicago skyscrapers', 'vtePlanned Chicago skyscrapers.1']), (2, ['vteChicago', 'vteChicago.1']), (26, ['vteLists of tallest buildings in the United States', 'vteLists of tallest buildings in the United States.1']), (4, ['0', '1']), (6, ['0', '1']), (7, ['0', '1']), (4, ['0', '1'])]
osm buildings: 154
{
 "run_at": "2026-10-10T10:24:18+00:00",
 "min_height_m": 140,
 "toronto": {
  "wikidata": 31,
  "wikidata_no_height": 40,
  "wikipedia_tables": [
   12,
   118,
   20,
   2,
   13,
   13,
   17,
   2,
   3,
   2,
   5,
   7
  ],
  "osm": 102
 },
 "chicago": {
  "wikidata": 55,
  "wikidata_no_height": 79,
  "wikipedia_tables": [
   12,
   138,
   10,
   1,
   1,
   5,
   13,
   5,
   1,
   3,
   2,
   26,
   4,
   6,
   7,
   4
  ],
  "osm": 154
 }
}
