elementary ('x72b-38qv', 'Chicago Public Schools - Elementary School Attendance Boundaries SY2526', '2025-09-09T20:23:49.000Z')
elementary ('5ihw-cbdn', 'Chicago Public Schools - Elementary School Attendance Boundaries SY2425', '2024-09-27T16:27:32.000Z')
elementary ('td7k-bjgv', 'Chicago Public Schools - Elementary School Attendance Boundaries SY2425 -  Map', '2024-09-27T16:27:32.000Z')
elementary ('8k6e-w34s', 'Chicago Public Schools - Elementary School Attendance Boundaries SY2324', '2023-09-01T16:19:51.000Z')
elementary ('d8hd-y5ce', 'Chicago Public Schools - Elementary School Attendance Boundaries SY2223', '2022-12-02T23:12:26.000Z')
elementary ('bph2-weqv', 'Chicago Public Schools - Elementary School Attendance Boundaries SY2223 - Map', '2022-12-02T23:12:26.000Z')
elementary ('a3xm-ett9', 'Chicago Public Schools - Elementary School Attendance Boundaries SY2122', '2021-12-15T19:40:18.000Z')
elementary ('gaak-qc7r', 'Chicago Public Schools - Elementary School Attendance Boundaries SY2021', '2020-10-29T21:42:41.000Z')
elementary ('q4qc-9t2n', 'Chicago Public Schools - Elementary School Attendance Boundaries SY2021 - Map', '2020-10-29T21:42:41.000Z')
elementary ('abk6-gwwr', 'Chicago Public Schools - Elementary School Attendance Boundaries SY1920', '2019-08-14T18:54:04.000Z')
elementary ('wsqb-ug3n', 'Chicago Public Schools - Elementary School Attendance Boundaries SY1920 - Map', '2019-08-14T18:54:04.000Z')
elementary ('whkz-sk6f', 'Chicago Public Schools - Elementary School Attendance Boundaries SY1819', '2018-07-18T15:22:18.000Z')
elementary ('7edu-z2e8', 'Chicago Public Schools - Elementary School Attendance Boundaries SY1718', '2017-09-05T14:45:28.000Z')
elementary ('acyp-2sus', 'Chicago Public Schools - Elementary School Attendance Boundaries SY1617', '2016-08-04T20:33:02.000Z')
elementary ('asty-4xrr', 'Chicago Public Schools - Elementary School Attendance Boundaries SY1516', '2015-09-03T21:09:24.000Z')
elementary ('e75y-e6uw', 'Chicago Public Schools - Elementary School Attendance Boundaries SY1415', '2016-08-23T14:18:22.000Z')
elementary ('g7sv-g285', 'Chicago Public Schools - Elementary School Attendance Boundaries SY1314', '2016-08-23T15:16:20.000Z')
elementary ('rfrd-v47v', 'Chicago Public Schools - Elementary School Attendance Boundaries SY1213', '2016-08-23T15:30:01.000Z')
elementary ('6tkx-ju8g', 'Chicago Public Schools - Elementary School Attendance Boundaries SY1112', '2016-08-23T15:43:16.000Z')
elementary ('7jn2-4muy', 'Chicago Public Schools - Elementary School Attendance Boundaries SY1011', '2016-08-23T15:54:35.000Z')
elementary ('sra3-5rba', 'Chicago Public Schools - Elementary School Attendance Boundaries SY0910', '2016-08-23T16:03:32.000Z')
elementary ('8jx5-pt46', 'Chicago Public Schools - Elementary School Attendance Boundaries SY0809', '2016-08-23T18:20:01.000Z')
elementary ('r2h7-fxir', 'Chicago Public Schools - Elementary School Attendance Boundaries SY0708', '2016-08-23T18:38:34.000Z')
elementary ('qbay-3nnc', 'Chicago Public Schools - Elementary School Attendance Boundaries SY0607', '2016-08-23T18:51:09.000Z')
elementary -> x72b-38qv Chicago Public Schools - Elementary School Attendance Boundaries SY2526 1757449429
  features 356
middle ('fyff-53xy', 'Chicago Public Schools - Middle School Attendance Boundaries SY2526', '2025-09-24T23:00:41.000Z')
middle ('8ais-jrhq', 'Chicago Public Schools - Middle School Attendance Boundaries SY2526 - Map', '2025-09-24T23:00:41.000Z')
middle ('im2a-is7h', 'Chicago Public Schools - Middle School Attendance Boundaries SY2425', '2024-09-27T16:45:08.000Z')
middle ('gkn8-5v32', 'Chicago Public Schools - Middle School Attendance Boundaries SY2425 - Map', '2024-09-27T16:45:08.000Z')
middle ('njaf-gekg', 'Chicago Public Schools - Middle School Attendance Boundaries SY2324', '2023-08-25T16:18:32.000Z')
middle ('gq9k-cgq5', 'Chicago Public Schools - Middle School Attendance Boundaries SY2324 - Map', '2023-08-25T16:18:32.000Z')
middle ('wknu-qbka', 'Chicago Public Schools - Middle School Attendance Boundaries SY2223 - Map', '2022-12-08T15:41:44.000Z')
middle ('w9ky-kbav', 'Chicago Public Schools - Middle School Attendance Boundaries SY2223', '2022-12-08T15:41:44.000Z')
middle ('mq3s-cgin', 'Chicago Public Schools - Middle School Attendance Boundaries SY2122', '2021-12-15T20:51:45.000Z')
middle ('cjre-yren', 'Chicago Public Schools - Middle School Attendance Boundaries SY2122 - Map', '2021-12-15T20:51:45.000Z')
middle ('t5zs-fzmq', 'Chicago Public Schools - Middle School Attendance Boundaries SY2021', '2020-10-29T21:35:16.000Z')
middle ('6wqs-n4tu', 'Chicago Public Schools - Middle School Attendance Boundaries SY2021 - Map', '2020-10-29T21:35:16.000Z')
middle ('68rq-5b3g', 'Chicago Public Schools - Middle School Attendance Boundaries SY1920', '2019-08-14T18:57:52.000Z')
middle ('u5jj-4n8t', 'Chicago Public Schools - Middle School Attendance Boundaries SY1819', '2018-07-18T15:28:28.000Z')
middle ('p2qz-28xp', 'Chicago Public Schools - Middle School Attendance Boundaries SY1718', '2017-09-05T14:44:40.000Z')
middle ('bga8-yvyk', 'Chicago Public Schools - Middle School Attendance Boundaries SY1617', '2016-08-05T15:18:01.000Z')
middle ('24dp-awun', 'Chicago Public Schools - Middle School Attendance Boundaries SY1516', '2015-09-03T21:10:19.000Z')
middle ('ri9q-n8vf', 'Chicago Public Schools - Middle School Attendance Boundaries SY1415', '2016-08-23T14:41:15.000Z')
middle ('gyxj-75ni', 'Chicago Public Schools - Middle School Attendance Boundaries SY1314', '2016-08-23T15:20:27.000Z')
middle ('u3qc-ejzd', 'Chicago Public Schools - Middle School Attendance Boundaries SY1213', '2016-08-23T15:34:27.000Z')
middle ('br5h-ipgu', 'Chicago Public Schools - Middle School Attendance Boundaries SY1112', '2016-08-23T15:45:58.000Z')
middle ('cjdh-ffxb', 'Chicago Public Schools - Middle School Attendance Boundaries SY1011', '2016-08-23T15:56:13.000Z')
middle ('btx6-zt6f', 'Chicago Public Schools - Middle School Attendance Boundaries SY0910', '2016-08-23T16:13:24.000Z')
middle ('mtjr-k2sk', 'Chicago Public Schools - Middle School Attendance Boundaries SY0809', '2016-08-23T18:22:02.000Z')
middle ('nfi7-z7ah', 'Chicago Public Schools - Middle School Attendance Boundaries SY0708', '2016-08-23T18:42:03.000Z')
middle ('x3vc-9kat', 'Chicago Public Schools - Middle School Attendance Boundaries SY0607', '2016-08-23T18:53:31.000Z')
middle -> fyff-53xy Chicago Public Schools - Middle School Attendance Boundaries SY2526 1758754841
  features 22
high ('xg7c-d8rm', 'Chicago Public Schools - High School Attendance Boundaries SY2526', '2025-09-09T20:54:42.000Z')
high ('qr9s-qv38', 'Chicago Public Schools - High School Attendance Boundaries SY2526 - Map', '2025-09-09T20:54:42.000Z')
high ('4kfz-zr3a', 'Chicago Public Schools - High School Attendance Boundaries SY2425', '2024-09-27T16:01:52.000Z')
high ('cczt-jtaj', 'Chicago Public Schools - High School Attendance Boundaries SY2425 - Map', '2024-09-27T16:01:52.000Z')
high ('gba7-ip5a', 'Chicago Public Schools - High School Attendance Boundaries SY2324', '2023-09-01T20:09:57.000Z')
high ('a7rq-ymrn', 'Chicago Public Schools - High School Attendance Boundaries SY2324 - Map', '2023-09-01T20:09:57.000Z')
high ('fkiq-5i7q', 'Chicago Public Schools - High School Attendance Boundaries SY2223 - Map', '2022-12-08T15:46:01.000Z')
high ('4m25-hh4h', 'Chicago Public Schools - High School Attendance Boundaries SY2223', '2022-12-08T15:46:01.000Z')
high ('is3f-j4ke', 'Chicago Public Schools - High School Attendance Boundaries SY2122', '2021-12-15T20:45:04.000Z')
high ('8vea-73uh', 'Chicago Public Schools - High School Attendance Boundaries SY2122 - Map', '2021-12-15T20:45:04.000Z')
high ('da2c-wnfg', 'Chicago Public Schools - High School Attendance Boundaries SY2021', '2020-10-29T21:33:25.000Z')
high ('ibhd-ejvr', 'Chicago Public Schools - High School Attendance Boundaries SY2021 - Map', '2020-10-29T21:33:25.000Z')
high ('d95y-ue9h', 'Chicago Public Schools - High School Attendance Boundaries SY1920', '2019-08-14T19:00:31.000Z')
high ('83de-n2rq', 'Chicago Public Schools - High School Attendance Boundaries SY1920 - Map', '2019-08-14T19:00:31.000Z')
high ('bv6n-449d', 'Chicago Public Schools - High School Attendance Boundaries SY1819', '2018-07-18T15:32:28.000Z')
high ('y9da-bb2y', 'Chicago Public Schools - High School Attendance Boundaries SY1718', '2017-10-25T20:51:05.000Z')
high ('bwum-4mhg', 'Chicago Public Schools - High School Attendance Boundaries SY1617', '2016-08-05T15:13:07.000Z')
high ('vff3-x5qg', 'Chicago Public Schools - High School Attendance Boundaries SY1516', '2015-09-03T21:11:09.000Z')
high ('47bj-3f4s', 'Chicago Public Schools - High School Attendance Boundaries SY1415', '2016-08-23T14:28:36.000Z')
high ('azwk-fxgp', 'Chicago Public Schools - High School Attendance Boundaries SY1314', '2016-08-23T15:23:17.000Z')
high ('9xc2-zddf', 'Chicago Public Schools - High School Attendance Boundaries SY1213', '2016-08-23T15:36:45.000Z')
high ('s7sc-q48d', 'Chicago Public Schools - High School Attendance Boundaries SY1112', '2016-08-23T15:50:27.000Z')
high ('4ytu-3pkn', 'Chicago Public Schools - High School Attendance Boundaries SY1011', '2016-08-23T15:58:10.000Z')
high ('csqr-8bm8', 'Chicago Public Schools - High School Attendance Boundaries SY0910', '2016-08-23T16:19:30.000Z')
high ('fede-88y6', 'Chicago Public Schools - High School Attendance Boundaries SY0809', '2016-08-23T18:24:26.000Z')
high ('wifq-a78y', 'Chicago Public Schools - High School Attendance Boundaries SY0708', '2016-08-23T18:44:32.000Z')
high ('rwav-ux96', 'Chicago Public Schools - High School Attendance Boundaries SY0607', '2016-08-23T18:55:46.000Z')
high -> xg7c-d8rm Chicago Public Schools - High School Attendance Boundaries SY2526 1757451282
  features 49
profile ('3dhs-m3w4', 'Chicago Public Schools - School Profile Information SY2425', '2024-11-10T23:30:17.000Z')
profile ('cu4u-b4d9', 'Chicago Public Schools - School Profile Information SY2324', '2023-09-13T16:56:59.000Z')
profile ('9a5f-2r4p', 'Chicago Public Schools - School Profile Information SY2223', '2022-11-28T21:57:00.000Z')
profile ('2dem-8rq7', 'Chicago Public Schools - School Profile Information SY2122', '2022-09-18T22:30:10.000Z')
profile ('83yd-jxxw', 'Chicago Public Schools - School Profile Information SY2021', '2021-10-17T22:30:19.000Z')
profile ('kh4r-387c', 'Chicago Public Schools - School Profile Information SY1819', '2020-10-09T16:15:27.000Z')
profile ('w4qj-h7bg', 'Chicago Public Schools - School Profile Information SY1718', '2018-10-13T22:01:02.000Z')
profile ('8i6r-et8s', 'Chicago Public Schools - School Profile Information SY1617', '2017-09-20T22:00:58.000Z')
profiles -> 3dhs-m3w4 Chicago Public Schools - School Profile Information SY2425 652
{
 "elementary": {
  "id": "x72b-38qv",
  "name": "Chicago Public Schools - Elementary School Attendance Boundaries SY2526",
  "updated": 1757449429
 },
 "middle": {
  "id": "fyff-53xy",
  "name": "Chicago Public Schools - Middle School Attendance Boundaries SY2526",
  "updated": 1758754841
 },
 "high": {
  "id": "xg7c-d8rm",
  "name": "Chicago Public Schools - High School Attendance Boundaries SY2526",
  "updated": 1757451282
 },
 "profiles": {
  "id": "3dhs-m3w4",
  "name": "Chicago Public Schools - School Profile Information SY2425",
  "updated": "2024-11-10T23:30:17.000Z"
 }
}
