page 0 cards 8 new 8
page 1 cards 8 new 8
page 2 cards 8 new 8
page 3 cards 8 new 8
page 4 cards 8 new 8
page 5 cards 8 new 8
page 6 cards 8 new 8
page 7 cards 8 new 8
page 8 cards 8 new 8
page 9 cards 8 new 8
page 10 cards 8 new 8
page 11 cards 8 new 8
page 12 cards 8 new 8
page 13 cards 8 new 8
page 14 cards 8 new 8
page 15 cards 8 new 8
page 16 cards 8 new 8
page 17 cards 8 new 8
page 18 cards 8 new 8
page 19 cards 8 new 8
page 20 cards 8 new 8
page 21 cards 8 new 8
page 22 cards 8 new 8
page 23 cards 8 new 8
page 24 cards 8 new 8
page 25 cards 8 new 8
page 26 cards 8 new 8
page 27 cards 8 new 8
page 28 cards 6 new 6
page 29 cards 0 new 0
fieldhouses 230
geocoded 215 of 230
cpd facilities 4467
community service centers | ('bspy-6mw8', 'Community Service Centers', '2016-02-17T16:59:26.000Z', 'dataset')
community service centers | ('tyd3-k85v', 'Community Service Centers Map', '2016-02-17T16:59:26.000Z', 'map')
community service centers | ('hbuv-eka5', 'Performance Metrics - Family & Support Services - Domestic Violence Service Help Line Monthly Utilization', '2016-11-09T18:15:59.000Z', 'dataset')
community service centers | ('2usn-w2nz', 'Map - Public Health Services - Chicago Primary Care Community Health Centers', '2014-04-22T20:30:13.000Z', 'map')
community service centers | ('qhfc-4cw2', 'Senior Centers', '2019-03-07T19:04:18.000Z', 'dataset')
community service centers | ('bmus-hp7e', 'Connect Chicago Locations - Historical', '2016-07-06T19:05:28.000Z', 'dataset')
community service centers | ('cjg8-dbka', 'Public Health Services- Chicago Primary Care Community Health Centers', '2014-04-22T20:30:13.000Z', 'dataset')
community service centers | ('5a76-tqs9', 'Warming Centers - Map', '2026-03-17T14:57:42.000Z', 'map')
community service centers | ('cs4s-nsna', 'Workforce Centers', '2011-08-21T02:47:32.000Z', 'dataset')
community service centers | ('h243-v2q5', 'Warming Centers', '2026-03-17T14:57:42.000Z', 'dataset')
community service centers | ('7as2-ds3y', '311 Service Requests - Pot Holes Reported - Historical', '2019-03-05T10:35:45.000Z', 'dataset')
community service centers | ('v6vf-nfxy', '311 Service Requests', '2026-10-10T05:19:49.000Z', 'dataset')
community service centers | ('9zqv-3uhs', 'Public Health Services - Licensed Substance Abuse Treatment Providers in Chicago, 2011', '2012-01-24T20:58:49.000Z', 'dataset')
community service centers | ('vcv6-95ym', 'CDPH Mental Health Resources (Deprecated November 2023)', '2023-01-26T16:37:24.000Z', 'dataset')
community service centers | ('si8n-dg3u', 'Libraries - 2014 Visitors by Location', '2015-08-14T15:58:17.000Z', 'dataset')
community service centers | ('hr6z-8bf2', 'Libraries - 2014 Circulation by Location', '2015-01-12T19:26:01.000Z', 'dataset')
community service centers | ('vpma-swyi', 'Libraries - 2014 Holds Filled by Location', '2015-01-12T19:32:59.000Z', 'dataset')
community service centers | ('f3he-c6sv', 'COVID-19 Hospital Capacity Metrics - Historical', '2023-05-10T21:51:22.000Z', 'dataset')
community service centers | ('ti44-vee7', 'Libraries - 2013 Circulation by Location', '2014-01-15T22:18:57.000Z', 'dataset')
community service centers | ('x74m-smqb', 'Libraries - 2013 Visitors by Location', '2014-01-15T22:21:24.000Z', 'dataset')
community service centers | ('qpc9-9gqe', 'Libraries - 2014 Holds Placed by Location', '2015-01-12T19:35:31.000Z', 'dataset')
community service centers | ('bp3e-nw4d', '311 Service Requests - Pot Holes Reported - No Duplicates', '2019-03-05T10:35:45.000Z', 'filter')
community service centers | ('5sc6-ey97', 'COVID-19 Vaccination Coverage, Region (HCEZ)', '2026-10-07T14:05:32.000Z', 'dataset')
community service centers | ('7pb7-6889', 'Libraries - 2013 Holds Filled by Location', '2014-01-16T16:56:01.000Z', 'dataset')
community service centers | ('sm42-rtph', 'Libraries - 2014 Computer Sessions by Location', '2015-03-27T15:49:10.000Z', 'dataset')
community service centers | ('qrxi-q28n', 'Libraries - 2013 Computer Sessions by Location', '2014-01-15T22:36:19.000Z', 'dataset')
community service centers | ('dgeh-7h9y', 'Libraries - 2013 Holds Placed by Location', '2014-01-16T19:07:39.000Z', 'dataset')
community service centers | ('nk2j-663f', 'Healthy Chicago Equity Zones', '2021-09-01T14:52:17.000Z', 'dataset')
community service centers | ('dbkr-gv7x', 'Influenza Vaccination Coverage, Region (HCEZ)', '2026-10-07T14:10:55.000Z', 'dataset')
community service centers | ('8vvr-jv2g', 'Influenza Risk Level by ZIP Code', '2026-10-10T04:31:45.000Z', 'dataset')
community service centers | ('2ani-ic5x', 'COVID-19 Vaccination Coverage, ZIP Code', '2026-10-07T14:04:23.000Z', 'dataset')
community service centers | ('nxdn-bvae', 'Influenza Vaccination Coverage, ZIP Code', '2026-10-07T14:07:56.000Z', 'dataset')
community service centers | ('waxd-x4mg', 'Influenza, COVID-19, and RSV Intensive Care Unit Admissions', '2026-10-10T04:30:57.000Z', 'dataset')
community service centers | ('6irb-gasv', 'COVID-19 Outcomes by Vaccination Status - Historical', '2023-12-13T23:20:10.000Z', 'dataset')
senior centers | ('qhfc-4cw2', 'Senior Centers', '2019-03-07T19:04:18.000Z', 'dataset')
senior centers | ('8ayb-6mjs', 'Senior Centers - Map', '2019-03-07T19:04:18.000Z', 'map')
senior centers | ('5a76-tqs9', 'Warming Centers - Map', '2026-03-17T14:57:42.000Z', 'map')
senior centers | ('h243-v2q5', 'Warming Centers', '2026-03-17T14:57:42.000Z', 'dataset')
senior centers | ('bmus-hp7e', 'Connect Chicago Locations - Historical', '2016-07-06T19:05:28.000Z', 'dataset')
senior centers | ('wwy2-k7b3', 'Parks - Locations (deprecated November 2016)', '2012-02-08T21:40:11.000Z', 'dataset')
DFSS | ('2cn6-nmx6', 'Performance Metrics - Family & Support Services - Senior Services Nutrition Monthly Utilization', '2016-11-09T18:13:19.000Z', 'chart')
DFSS | ('vg8w-2w9y', 'Performance Metrics - Family & Support Services - Homeless Shelter System Monthly Utilization', '2016-11-09T18:12:18.000Z', 'dataset')
DFSS | ('vjbu-ywct', 'Performance Metrics - Family & Support Services - Childen Services Program Monthly Utilization', '2016-09-30T20:48:56.000Z', 'dataset')
DFSS | ('uava-8jbh', 'Performance Metrics - Family & Support Services - Workforce Services Monthly Utilization', '2016-09-30T20:47:33.000Z', 'dataset')
DFSS | ('m3we-umj3', 'Performance Metrics - Family & Support Services - Senior Services Nutrition Monthly Utilization', '2016-11-09T18:13:19.000Z', 'dataset')
DFSS | ('xczi-kmtf', 'Performance Metrics - Family & Support Services - Youth Services Program Monthly Utilization', '2016-09-30T20:58:29.000Z', 'dataset')
DFSS | ('hbuv-eka5', 'Performance Metrics - Family & Support Services - Domestic Violence Service Help Line Monthly Utilization', '2016-11-09T18:15:59.000Z', 'dataset')
Family and Support Services | ('jmw7-ijg5', 'Family and Support Services Delegate Agencies', '2015-10-07T21:47:48.000Z', 'dataset')
Family and Support Services | ('yfhi-bd8g', 'FOIA Request Log - Family and Support Services', '2021-06-03T20:24:15.000Z', 'dataset')
Family and Support Services | ('xtdn-h9nk', 'Family and Support Services Delegate Agencies - Map', '2015-10-07T21:47:48.000Z', 'map')
Family and Support Services | ('8xas-7ipx', 'Warming Centers - Map', '2026-03-17T14:57:42.000Z', 'map')
Family and Support Services | ('qhfc-4cw2', 'Senior Centers', '2019-03-07T19:04:18.000Z', 'dataset')
Family and Support Services | ('tyd3-k85v', 'Community Service Centers Map', '2016-02-17T16:59:26.000Z', 'map')
Family and Support Services | ('bspy-6mw8', 'Community Service Centers', '2016-02-17T16:59:26.000Z', 'dataset')
Family and Support Services | ('5a76-tqs9', 'Warming Centers - Map', '2026-03-17T14:57:42.000Z', 'map')
Family and Support Services | ('a4p3-hxgg', 'Emergency Temporary Shelters - Census - Historical', '2025-03-14T17:17:52.000Z', 'dataset')
Family and Support Services | ('cs4s-nsna', 'Workforce Centers', '2011-08-21T02:47:32.000Z', 'dataset')
Family and Support Services | ('sznd-r3k9', 'Emergency Temporary Shelters - Weekly Report - Historical', '2025-11-05T19:58:34.771Z', 'story')
Family and Support Services | ('h243-v2q5', 'Warming Centers', '2026-03-17T14:57:42.000Z', 'dataset')
Family and Support Services | ('r4km-25r6', 'Emergency Temporary Shelters - Biweekly Report - Historical', '2025-11-05T19:49:53.275Z', 'story')
Family and Support Services | ('hfse-pzih', 'Emergency Temporary Shelters - Limited Stay Exits - By Shelter and Date - Historical', '2025-03-14T09:37:37.000Z', 'dataset')
Family and Support Services | ('nuek-9zzn', 'Emergency Temporary Shelters - Grievances Filed - Historical', '2025-03-14T17:20:48.000Z', 'dataset')
Family and Support Services | ('fk7i-xuiy', 'Emergency Temporary Shelters - Limited Stay Exits - By Country of Origin - Historical', '2025-03-14T09:34:33.000Z', 'dataset')
Family and Support Services | ('hd2g-5c43', 'Emergency Temporary Shelters - Intake From Landing Zone - Historical', '2025-03-14T15:39:03.000Z', 'dataset')
Family and Support Services | ('abkz-rrig', 'Emergency Temporary Shelters - Limited Stay Exits - By Shelter - Historical', '2025-03-14T09:22:24.000Z', 'dataset')
Family and Support Services | ('w2sz-4tcr', 'Emergency Temporary Shelters - Grievances Resolved - Historical', '2025-03-14T17:24:28.000Z', 'dataset')
Family and Support Services | ('q93m-i3ga', 'Emergency Temporary Shelters - Limited Stay Exits - By Gender Identity - Historical', '2025-03-14T17:07:30.000Z', 'dataset')
Family and Support Services | ('n3b3-xajz', 'Emergency Temporary Shelters - Limited Stay Extensions - Historical', '2025-03-14T09:40:54.000Z', 'dataset')
Family and Support Services | ('7tk2-dsc8', 'Emergency Temporary Shelters - Limited Stay Exits - By Original  Exit Date - Historical', '2025-03-14T09:36:07.000Z', 'dataset')
Family and Support Services | ('qu5t-gu33', 'Emergency Temporary Shelters - Limited Stay Exits - By Age Range - Historical', '2025-03-14T17:10:33.000Z', 'dataset')
Family and Support Services | ('vg8w-2w9y', 'Performance Metrics - Family & Support Services - Homeless Shelter System Monthly Utilization', '2016-11-09T18:12:18.000Z', 'dataset')
Family and Support Services | ('8ayb-6mjs', 'Senior Centers - Map', '2019-03-07T19:04:18.000Z', 'map')
Family and Support Services | ('vjbu-ywct', 'Performance Metrics - Family & Support Services - Childen Services Program Monthly Utilization', '2016-09-30T20:48:56.000Z', 'dataset')
Family and Support Services | ('hbuv-eka5', 'Performance Metrics - Family & Support Services - Domestic Violence Service Help Line Monthly Utilization', '2016-11-09T18:15:59.000Z', 'dataset')
Family and Support Services | ('i4rz-w47p', 'Workforce Centers - Map', '2011-08-21T02:47:32.000Z', 'map')
Family and Support Services | ('uava-8jbh', 'Performance Metrics - Family & Support Services - Workforce Services Monthly Utilization', '2016-09-30T20:47:33.000Z', 'dataset')
Family and Support Services | ('2cn6-nmx6', 'Performance Metrics - Family & Support Services - Senior Services Nutrition Monthly Utilization', '2016-11-09T18:13:19.000Z', 'chart')
Family and Support Services | ('xczi-kmtf', 'Performance Metrics - Family & Support Services - Youth Services Program Monthly Utilization', '2016-09-30T20:58:29.000Z', 'dataset')
Family and Support Services | ('m3we-umj3', 'Performance Metrics - Family & Support Services - Senior Services Nutrition Monthly Utilization', '2016-11-09T18:13:19.000Z', 'dataset')
Family and Support Services | ('msrk-w9ih', 'Cooling Centers', '2026-07-24T22:06:16.000Z', 'dataset')
Family and Support Services | ('9xs2-f89t', 'Chicago Public Schools - Progress Report Cards (2011-2012)', '2018-09-14T21:24:06.000Z', 'dataset')
saved dfss_community_service_centers.json 6
saved dfss_senior_centers.json 21
saved dfss_senior_centers.json 21
saved dfss_senior_centers.json 21
saved dfss_community_service_centers.json 6
