B25036 tracts so far 1332 · columns 23
B25032 tracts so far 1332 · columns 23
C16001 tracts so far 1332 · columns 38
  B25032_E001 Estimate!!Total:
  B25032_E002 Estimate!!Total:!!Owner-occupied housing units:
  B25032_E003 Estimate!!Total:!!Owner-occupied housing units:!!1, detached
  B25032_E004 Estimate!!Total:!!Owner-occupied housing units:!!1, attached
  B25032_E005 Estimate!!Total:!!Owner-occupied housing units:!!2
  B25032_E006 Estimate!!Total:!!Owner-occupied housing units:!!3 or 4
  B25032_E007 Estimate!!Total:!!Owner-occupied housing units:!!5 to 9
  B25032_E008 Estimate!!Total:!!Owner-occupied housing units:!!10 to 19
  B25032_E009 Estimate!!Total:!!Owner-occupied housing units:!!20 to 49
  B25032_E010 Estimate!!Total:!!Owner-occupied housing units:!!50 or more
  B25032_E011 Estimate!!Total:!!Owner-occupied housing units:!!Mobile home
  B25032_E012 Estimate!!Total:!!Owner-occupied housing units:!!Boat, RV, van, etc.
  B25032_E013 Estimate!!Total:!!Renter-occupied housing units:
  B25032_E014 Estimate!!Total:!!Renter-occupied housing units:!!1, detached
  B25032_E015 Estimate!!Total:!!Renter-occupied housing units:!!1, attached
  B25032_E016 Estimate!!Total:!!Renter-occupied housing units:!!2
  B25032_E017 Estimate!!Total:!!Renter-occupied housing units:!!3 or 4
  B25032_E018 Estimate!!Total:!!Renter-occupied housing units:!!5 to 9
  B25032_E019 Estimate!!Total:!!Renter-occupied housing units:!!10 to 19
  B25032_E020 Estimate!!Total:!!Renter-occupied housing units:!!20 to 49
  B25032_E021 Estimate!!Total:!!Renter-occupied housing units:!!50 or more
  B25032_E022 Estimate!!Total:!!Renter-occupied housing units:!!Mobile home
  B25032_E023 Estimate!!Total:!!Renter-occupied housing units:!!Boat, RV, van, etc.
  B25036_E001 Estimate!!Total:
  B25036_E002 Estimate!!Total:!!Owner occupied:
  B25036_E003 Estimate!!Total:!!Owner occupied:!!Built 2020 or later
  B25036_E004 Estimate!!Total:!!Owner occupied:!!Built 2010 to 2019
  B25036_E005 Estimate!!Total:!!Owner occupied:!!Built 2000 to 2009
  B25036_E006 Estimate!!Total:!!Owner occupied:!!Built 1990 to 1999
  B25036_E007 Estimate!!Total:!!Owner occupied:!!Built 1980 to 1989
  B25036_E008 Estimate!!Total:!!Owner occupied:!!Built 1970 to 1979
  B25036_E009 Estimate!!Total:!!Owner occupied:!!Built 1960 to 1969
  B25036_E010 Estimate!!Total:!!Owner occupied:!!Built 1950 to 1959
  B25036_E011 Estimate!!Total:!!Owner occupied:!!Built 1940 to 1949
  B25036_E012 Estimate!!Total:!!Owner occupied:!!Built 1939 or earlier
  B25036_E013 Estimate!!Total:!!Renter occupied:
  B25036_E014 Estimate!!Total:!!Renter occupied:!!Built 2020 or later
  B25036_E015 Estimate!!Total:!!Renter occupied:!!Built 2010 to 2019
  B25036_E016 Estimate!!Total:!!Renter occupied:!!Built 2000 to 2009
  B25036_E017 Estimate!!Total:!!Renter occupied:!!Built 1990 to 1999
  B25036_E018 Estimate!!Total:!!Renter occupied:!!Built 1980 to 1989
  B25036_E019 Estimate!!Total:!!Renter occupied:!!Built 1970 to 1979
  B25036_E020 Estimate!!Total:!!Renter occupied:!!Built 1960 to 1969
  B25036_E021 Estimate!!Total:!!Renter occupied:!!Built 1950 to 1959
  B25036_E022 Estimate!!Total:!!Renter occupied:!!Built 1940 to 1949
  B25036_E023 Estimate!!Total:!!Renter occupied:!!Built 1939 or earlier
  C16001_E001 Estimate!!Total:
  C16001_E002 Estimate!!Total:!!Speak only English
  C16001_E003 Estimate!!Total:!!Spanish:
  C16001_E004 Estimate!!Total:!!Spanish:!!Speak English "very well"
  C16001_E005 Estimate!!Total:!!Spanish:!!Speak English less than "very well"
  C16001_E006 Estimate!!Total:!!French, Haitian, or Cajun:
  C16001_E007 Estimate!!Total:!!French, Haitian, or Cajun:!!Speak English "very well"
  C16001_E008 Estimate!!Total:!!French, Haitian, or Cajun:!!Speak English less than "very well"
  C16001_E009 Estimate!!Total:!!German or other West Germanic languages:
  C16001_E010 Estimate!!Total:!!German or other West Germanic languages:!!Speak English "very well"
  C16001_E011 Estimate!!Total:!!German or other West Germanic languages:!!Speak English less than "very well"
  C16001_E012 Estimate!!Total:!!Russian, Polish, or other Slavic languages:
  C16001_E013 Estimate!!Total:!!Russian, Polish, or other Slavic languages:!!Speak English "very well"
  C16001_E014 Estimate!!Total:!!Russian, Polish, or other Slavic languages:!!Speak English less than "very well"
  C16001_E015 Estimate!!Total:!!Other Indo-European languages:
  C16001_E016 Estimate!!Total:!!Other Indo-European languages:!!Speak English "very well"
  C16001_E017 Estimate!!Total:!!Other Indo-European languages:!!Speak English less than "very well"
  C16001_E018 Estimate!!Total:!!Korean:
  C16001_E019 Estimate!!Total:!!Korean:!!Speak English "very well"
  C16001_E020 Estimate!!Total:!!Korean:!!Speak English less than "very well"
  C16001_E021 Estimate!!Total:!!Chinese (incl. Mandarin, Cantonese):
  C16001_E022 Estimate!!Total:!!Chinese (incl. Mandarin, Cantonese):!!Speak English "very well"
  C16001_E023 Estimate!!Total:!!Chinese (incl. Mandarin, Cantonese):!!Speak English less than "very well"
  C16001_E024 Estimate!!Total:!!Vietnamese:
  C16001_E025 Estimate!!Total:!!Vietnamese:!!Speak English "very well"
  C16001_E026 Estimate!!Total:!!Vietnamese:!!Speak English less than "very well"
  C16001_E027 Estimate!!Total:!!Tagalog (incl. Filipino):
  C16001_E028 Estimate!!Total:!!Tagalog (incl. Filipino):!!Speak English "very well"
  C16001_E029 Estimate!!Total:!!Tagalog (incl. Filipino):!!Speak English less than "very well"
  C16001_E030 Estimate!!Total:!!Other Asian and Pacific Island languages:
  C16001_E031 Estimate!!Total:!!Other Asian and Pacific Island languages:!!Speak English "very well"
  C16001_E032 Estimate!!Total:!!Other Asian and Pacific Island languages:!!Speak English less than "very well"
  C16001_E033 Estimate!!Total:!!Arabic:
  C16001_E034 Estimate!!Total:!!Arabic:!!Speak English "very well"
  C16001_E035 Estimate!!Total:!!Arabic:!!Speak English less than "very well"
  C16001_E036 Estimate!!Total:!!Other and unspecified languages:
  C16001_E037 Estimate!!Total:!!Other and unspecified languages:!!Speak English "very well"
  C16001_E038 Estimate!!Total:!!Other and unspecified languages:!!Speak English less than "very well"
wrote acs_more.json
