Toronto: road restrictions feed
  groups: {'Closure': 2250} records 2250
Chicago: CDOT permits
  active rows: [{'n': '56685'}]
  transit-related rows: 268
{
 "run_utc": "2026-10-10T11:31:02+00:00",
 "toronto": {
  "records_in_feed": 2250,
  "cors": {
   "Access-Control-Allow-Origin": "*",
   "Access-Control-Allow-Methods": "POST,GET,OPTIONS",
   "Access-Control-Max-Age": "3600",
   "Access-Control-Allow-Headers": "Origin, X-Requested-With, X-Auth-Token, Content-Type, Accept"
  },
  "metrolinx": {
   "count": 99,
   "by_type": {
    "CONSTRUCTION/None": 90,
    "ROAD_CLOSED/ROAD_CLOSED_CONSTRUCTION": 9
   },
   "by_roadClass": {
    "Major Arterial Road": 50,
    "Minor Arterial Road": 18,
    "Local Road": 29,
    "Unknown": 2
   },
   "by_contractor": {
    "Entera Utility Contractors": 2,
    "ONxpress Civils Contractor GP": 19,
    "Peter Kiewit Sons ULC": 1,
    "Aecon Infrastructure Management Inc": 6,
    "GREEN INFRASTRUCTURE PARTNERS INC.": 7,
    "Leaside Valley Builders": 1,
    "Grascan Construction Ltd.": 1,
    "Ontario Transit Group": 5,
    "Mosaic Transit Group": 3,
    "Trillium Guideway Partners": 21,
    "Pape North Connect": 4,
    "West End Connectors": 5,
    "STRABAG Inc.": 8,
    "Capital Traffic Management Solutions": 1,
    "Graham Construction and Engineering LP": 6,
    "Powerline Plus LTD.": 2,
    "Scarborough Transit Connect": 3,
    "Leaside Vallley Builders": 1,
    "Smart Tracks Construction Partners General Partnership": 1,
    "EllisDon Infrastructure LSW RER Inc.": 1,
    "RCP": 1
   },
   "by_workPeriod": {
    "Daily": 43,
    "Continuous": 55,
    "Weekdays": 1
   },
   "on_drawn_arterial": 65,
   "on_drawn_by_type": {
    "CONSTRUCTION/None": 63,
    "ROAD_CLOSED/ROAD_CLOSED_CONSTRUCTION": 2
   },
   "on_drawn_roads": {
    "Finch Ave W": 5,
    "Birchmount Rd": 9,
    "Danforth Ave": 2,
    "Pape Ave": 1,
    "Millwood Rd": 1,
    "Sheppard Ave W": 1,
    "Queen St E": 2,
    "Jarvis St": 1,
    "Carlaw Ave": 3,
    "Don Mills Rd": 8,
    "Eglinton Ave W": 5,
    "Islington Ave": 1,
    "Eglinton Ave E": 8,
    "Danforth Rd": 4,
    "Martin Grove Rd": 2,
    "St Clair Ave W": 4,
    "McCowan Rd": 1,
    "Scarlett Rd": 1,
    "Finch Ave E": 1,
    "Davenport Rd": 1,
    "Dupont St": 1,
    "Gerrard St E": 1,
    "Overlea Blvd": 1,
    "Eastern Ave": 1
   },
   "off_drawn_roads": {
    "Sudbury St": 1,
    "Mack Ave": 4,
    "Chantrey Crt": 1,
    "Jane St": 1,
    "Westlake Rd": 2,
    "Galloway Rd": 2,
    "Gertrude Pl": 2,
    "Augusta Ave": 1,
    "Mutual St": 1,
    "Sammon Ave": 1,
    "Gateway Blvd": 2,
    "Richview Rd": 1,
    "Highview Ave": 1,
    "Victoria Park Ave": 1,
    "Lipton Ave": 2,
    "Eglinton Ave W": 2,
    "Beth Nealson Dr": 1,
    "Aldwych Ave": 1,
    "Winter Ave": 1,
    "Thorncliffe Park Dr": 1,
    "De Grassi St": 1,
    "Edgeware Dr": 1,
    "Pape Ave": 1,
    "Ln W Pape S Cosburn": 1,
    "Simcoe St": 1
   },
   "class_vs_drawn": {
    "Major Arterial Road -> drawn": 46,
    "Minor Arterial Road -> drawn": 18,
    "Local Road -> not drawn": 29,
    "Major Arterial Road -> not drawn": 4,
    "Unknown -> not drawn": 1,
    "Unknown -> drawn": 1
   },
   "active_today": 74,
   "end_dates": [
    "2026-10",
    "2026-11",
    "2026-12",
    "2027-01",
    "2027-02",
    "2027-03"
   ]
  },
  "not_metrolinx_but_transit_words": {
   "count": 32,
   "by_source": {
    "Toronto Hydro": 9,
    "Gasmain": 2,
    "Other": 15,
    "{\"tabledata\":[{\"Option\":\"Toronto Water\"": 1,
    "Operation of cherry picker": 1,
    "Waterfront Toronto": 1,
    "Watermain": 1,
    "null": 2
   },
   "by_contractor": {
    "Tristar Electrical Inc": 5,
    "Enbridge Gas Inc": 2,
    "Entera Utility Contractors": 2,
    "Alliance Verdi Civil Inc.": 2,
    "Tristar Electric Inc.": 2,
    "Ontario Transit Group": 5,
    "Miller Paving Ltd.": 4,
    "Hatch Ltd.": 1,
    "Kenaidan CONTRACTING": 1,
    "Drainstar Contracting Ltd": 1,
    "Ward & Burke Microtunneling Ltd": 1,
    "ERRITT CONSTRUCTION LTD": 2,
    "PCL": 1,
    "Torbear Contracting inc.": 1,
    "null": 2
   },
   "examples": [
    {
     "road": "Adelaide St E",
     "source": "Toronto Hydro",
     "contractor": "Tristar Electrical Inc",
     "type": "CONSTRUCTION",
     "description": "Cable replacement project. Cable chamber work. No surface cuts required. Metrolinx permit attached. (Natasha)"
    },
    {
     "road": "Church St",
     "source": "Toronto Hydro",
     "contractor": "Tristar Electrical Inc",
     "type": "CONSTRUCTION",
     "description": "Cable replacement project. Cable chamber work. No surface cuts required. Metrolinx permit attached. (Natasha)"
    },
    {
     "road": "Adelaide St E",
     "source": "Toronto Hydro",
     "contractor": "Tristar Electrical Inc",
     "type": "CONSTRUCTION",
     "description": "Cable replacement project. Cable chamber work. No surface cuts required. Metrolinx permit attached. (Natasha)"
    },
    {
     "road": "Milton St",
     "source": "Gasmain",
     "contractor": "Enbridge Gas Inc",
     "type": "CONSTRUCTION",
     "description": "Gas main installation for regulator station relocation."
    },
    {
     "road": "Oxford St",
     "source": "Gasmain",
     "contractor": "Enbridge Gas Inc",
     "type": "CONSTRUCTION",
     "description": "Gas main installation for regulator station relocation."
    },
    {
     "road": "Holly St",
     "source": "Toronto Hydro",
     "contractor": "Entera Utility Contractors",
     "type": "CONSTRUCTION",
     "description": "- The project is Underground Civil Infrastructure project. The project includes rebuilding an old cable chamber. - The project will be executed by Entera Utility Contractors under the contract with Toronto Hydro. Cut permit have been received from City of Toronto. - Metrolinx no conflict letter has been received. - Construction notices has been delivered. Residents and offices around are aware of our existence on the site."
    },
    {
     "road": "Finch Ave W",
     "source": "Other",
     "contractor": "Alliance Verdi Civil Inc.",
     "type": "CONSTRUCTION",
     "description": "Rehabilitation work under Metrol
